Archive member included because of file (symbol)

c:/program files (x86)/atmel/avr tools/avr toolchain/bin/../lib/gcc/avr/4.7.2/avr5\libgcc.a(_divmodsi4.o)
                              ./MP_SSD1306/mp_gfx.o (__divmodsi4)
c:/program files (x86)/atmel/avr tools/avr toolchain/bin/../lib/gcc/avr/4.7.2/avr5\libgcc.a(_exit.o)
                              c:/program files (x86)/atmel/avr tools/avr toolchain/bin/../lib/gcc/avr/4.7.2/../../../../avr/lib/avr5/crtm32.o (exit)
c:/program files (x86)/atmel/avr tools/avr toolchain/bin/../lib/gcc/avr/4.7.2/avr5\libgcc.a(_copy_data.o)
                              ./1Wire/ds18x20.o (__do_copy_data)
c:/program files (x86)/atmel/avr tools/avr toolchain/bin/../lib/gcc/avr/4.7.2/avr5\libgcc.a(_clear_bss.o)
                              ./MP_SSD1306/mp_gfx.o (__do_clear_bss)
c:/program files (x86)/atmel/avr tools/avr toolchain/bin/../lib/gcc/avr/4.7.2/avr5\libgcc.a(_udivmodsi4.o)
                              c:/program files (x86)/atmel/avr tools/avr toolchain/bin/../lib/gcc/avr/4.7.2/avr5\libgcc.a(_divmodsi4.o) (__udivmodsi4)
c:/program files (x86)/atmel/avr tools/avr toolchain/bin/../lib/gcc/avr/4.7.2/../../../../avr/lib/avr5\libc.a(itoa.o)
                              ./MP_SSD1306/mp_gfx.o (itoa)
c:/program files (x86)/atmel/avr tools/avr toolchain/bin/../lib/gcc/avr/4.7.2/../../../../avr/lib/avr5\libc.a(strrev.o)
                              c:/program files (x86)/atmel/avr tools/avr toolchain/bin/../lib/gcc/avr/4.7.2/../../../../avr/lib/avr5\libc.a(itoa.o) (strrev)
c:/program files (x86)/atmel/avr tools/avr toolchain/bin/../lib/gcc/avr/4.7.2/avr5\libgcc.a(_udivmodhi4.o)
                              c:/program files (x86)/atmel/avr tools/avr toolchain/bin/../lib/gcc/avr/4.7.2/../../../../avr/lib/avr5\libc.a(itoa.o) (__udivmodhi4)

Allocating common symbols
Common symbol       size              file

cursor_y            0x2               ./MP_SSD1306/mp_gfx.o
cursor_x            0x2               ./MP_SSD1306/mp_gfx.o
gSensorIDs          0x20              ./1Wire/ds18x20.o

Memory Configuration

Name             Origin             Length             Attributes
text             0x00000000         0x00020000         xr
data             0x00800060         0x0000ffa0         rw !x
eeprom           0x00810000         0x00010000         rw !x
fuse             0x00820000         0x00000400         rw !x
lock             0x00830000         0x00000400         rw !x
signature        0x00840000         0x00000400         rw !x
user_signatures  0x00850000         0x00000400         rw !x
*default*        0x00000000         0xffffffff

Linker script and memory map

LOAD c:/program files (x86)/atmel/avr tools/avr toolchain/bin/../lib/gcc/avr/4.7.2/../../../../avr/lib/avr5/crtm32.o
LOAD ./MP_SSD1306/FONT/oled_font1.o
LOAD ./MP_SSD1306/mp_gfx.o
LOAD ./MP_SSD1306/mp_ssd1306.o
LOAD ./1Wire/crc8.o
LOAD ./1Wire/ds18x20.o
LOAD ./1Wire/onewire.o
LOAD ./fun.o
LOAD ./main.o
LOAD c:/program files (x86)/atmel/avr tools/avr toolchain/bin/../lib/gcc/avr/4.7.2/avr5\libgcc.a
LOAD c:/program files (x86)/atmel/avr tools/avr toolchain/bin/../lib/gcc/avr/4.7.2/../../../../avr/lib/avr5\libc.a
LOAD c:/program files (x86)/atmel/avr tools/avr toolchain/bin/../lib/gcc/avr/4.7.2/avr5\libgcc.a

.hash
 *(.hash)

.dynsym
 *(.dynsym)

.dynstr
 *(.dynstr)

.gnu.version
 *(.gnu.version)

.gnu.version_d
 *(.gnu.version_d)

.gnu.version_r
 *(.gnu.version_r)

.rel.init
 *(.rel.init)

.rela.init
 *(.rela.init)

.rel.text
 *(.rel.text)
 *(.rel.text.*)
 *(.rel.gnu.linkonce.t*)

.rela.text
 *(.rela.text)
 *(.rela.text.*)
 *(.rela.gnu.linkonce.t*)

.rel.fini
 *(.rel.fini)

.rela.fini
 *(.rela.fini)

.rel.rodata
 *(.rel.rodata)
 *(.rel.rodata.*)
 *(.rel.gnu.linkonce.r*)

.rela.rodata
 *(.rela.rodata)
 *(.rela.rodata.*)
 *(.rela.gnu.linkonce.r*)

.rel.data
 *(.rel.data)
 *(.rel.data.*)
 *(.rel.gnu.linkonce.d*)

.rela.data
 *(.rela.data)
 *(.rela.data.*)
 *(.rela.gnu.linkonce.d*)

.rel.ctors
 *(.rel.ctors)

.rela.ctors
 *(.rela.ctors)

.rel.dtors
 *(.rel.dtors)

.rela.dtors
 *(.rela.dtors)

.rel.got
 *(.rel.got)

.rela.got
 *(.rela.got)

.rel.bss
 *(.rel.bss)

.rela.bss
 *(.rela.bss)

.rel.plt
 *(.rel.plt)

.rela.plt
 *(.rela.plt)

.text           0x00000000     0x213c
 *(.vectors)
 .vectors       0x00000000       0x54 c:/program files (x86)/atmel/avr tools/avr toolchain/bin/../lib/gcc/avr/4.7.2/../../../../avr/lib/avr5/crtm32.o
                0x00000000                __vector_default
                0x00000000                __vectors
 *(.vectors)
 *(.progmem.gcc*)
 *(.progmem*)
 .progmem.data.font
                0x00000054      0x4e7 ./MP_SSD1306/FONT/oled_font1.o
                0x00000054                font
 .progmem.data.rinse
                0x0000053b      0x120 ./fun.o
                0x0000053b                rinse
                0x0000065c                . = ALIGN (0x2)
 *fill*         0x0000065b        0x1 
                0x0000065c                __trampolines_start = .
 *(.trampolines)
 .trampolines   0x0000065c        0x0 linker stubs
 *(.trampolines*)
                0x0000065c                __trampolines_end = .
 *(.jumptables)
 *(.jumptables*)
 *(.lowtext)
 *(.lowtext*)
                0x0000065c                __ctors_start = .
 *(.ctors)
                0x0000065c                __ctors_end = .
                0x0000065c                __dtors_start = .
 *(.dtors)
                0x0000065c                __dtors_end = .
 SORT(*)(.ctors)
 SORT(*)(.dtors)
 *(.init0)
 .init0         0x0000065c        0x0 c:/program files (x86)/atmel/avr tools/avr toolchain/bin/../lib/gcc/avr/4.7.2/../../../../avr/lib/avr5/crtm32.o
                0x0000065c                __init
 *(.init0)
 *(.init1)
 *(.init1)
 *(.init2)
 .init2         0x0000065c        0xc c:/program files (x86)/atmel/avr tools/avr toolchain/bin/../lib/gcc/avr/4.7.2/../../../../avr/lib/avr5/crtm32.o
 *(.init2)
 *(.init3)
 *(.init3)
 *(.init4)
 .init4         0x00000668       0x16 c:/program files (x86)/atmel/avr tools/avr toolchain/bin/../lib/gcc/avr/4.7.2/avr5\libgcc.a(_copy_data.o)
                0x00000668                __do_copy_data
 .init4         0x0000067e       0x10 c:/program files (x86)/atmel/avr tools/avr toolchain/bin/../lib/gcc/avr/4.7.2/avr5\libgcc.a(_clear_bss.o)
                0x0000067e                __do_clear_bss
 *(.init4)
 *(.init5)
 *(.init5)
 *(.init6)
 *(.init6)
 *(.init7)
 *(.init7)
 *(.init8)
 *(.init8)
 *(.init9)
 .init9         0x0000068e        0x8 c:/program files (x86)/atmel/avr tools/avr toolchain/bin/../lib/gcc/avr/4.7.2/../../../../avr/lib/avr5/crtm32.o
 *(.init9)
 *(.text)
 .text          0x00000696        0x4 c:/program files (x86)/atmel/avr tools/avr toolchain/bin/../lib/gcc/avr/4.7.2/../../../../avr/lib/avr5/crtm32.o
                0x00000696                __vector_1
                0x00000696                __vector_12
                0x00000696                __bad_interrupt
                0x00000696                __vector_6
                0x00000696                __vector_3
                0x00000696                __vector_11
                0x00000696                __vector_13
                0x00000696                __vector_17
                0x00000696                __vector_19
                0x00000696                __vector_7
                0x00000696                __vector_5
                0x00000696                __vector_4
                0x00000696                __vector_9
                0x00000696                __vector_2
                0x00000696                __vector_15
                0x00000696                __vector_8
                0x00000696                __vector_14
                0x00000696                __vector_10
                0x00000696                __vector_16
                0x00000696                __vector_18
                0x00000696                __vector_20
 .text          0x0000069a        0x0 ./MP_SSD1306/FONT/oled_font1.o
 .text          0x0000069a        0x0 ./MP_SSD1306/mp_gfx.o
 .text          0x0000069a        0x0 ./MP_SSD1306/mp_ssd1306.o
 .text          0x0000069a        0x0 ./1Wire/crc8.o
 .text          0x0000069a        0x0 ./1Wire/ds18x20.o
 .text          0x0000069a        0x0 ./1Wire/onewire.o
 .text          0x0000069a        0x0 ./fun.o
 .text          0x0000069a        0x0 ./main.o
 .text          0x0000069a        0x0 c:/program files (x86)/atmel/avr tools/avr toolchain/bin/../lib/gcc/avr/4.7.2/avr5\libgcc.a(_divmodsi4.o)
 .text          0x0000069a        0x0 c:/program files (x86)/atmel/avr tools/avr toolchain/bin/../lib/gcc/avr/4.7.2/avr5\libgcc.a(_exit.o)
 .text          0x0000069a        0x0 c:/program files (x86)/atmel/avr tools/avr toolchain/bin/../lib/gcc/avr/4.7.2/avr5\libgcc.a(_copy_data.o)
 .text          0x0000069a        0x0 c:/program files (x86)/atmel/avr tools/avr toolchain/bin/../lib/gcc/avr/4.7.2/avr5\libgcc.a(_clear_bss.o)
 .text          0x0000069a        0x0 c:/program files (x86)/atmel/avr tools/avr toolchain/bin/../lib/gcc/avr/4.7.2/avr5\libgcc.a(_udivmodsi4.o)
 .text          0x0000069a        0x0 c:/program files (x86)/atmel/avr tools/avr toolchain/bin/../lib/gcc/avr/4.7.2/../../../../avr/lib/avr5\libc.a(itoa.o)
 .text          0x0000069a        0x0 c:/program files (x86)/atmel/avr tools/avr toolchain/bin/../lib/gcc/avr/4.7.2/../../../../avr/lib/avr5\libc.a(strrev.o)
 .text          0x0000069a        0x0 c:/program files (x86)/atmel/avr tools/avr toolchain/bin/../lib/gcc/avr/4.7.2/avr5\libgcc.a(_udivmodhi4.o)
                0x0000069a                . = ALIGN (0x2)
 *(.text.*)
 .text.mp_wysBitmap_P
                0x0000069a      0x122 ./MP_SSD1306/mp_gfx.o
                0x0000069a                mp_wysBitmap_P
 .text.mp_narLinieDow
                0x000007bc      0x118 ./MP_SSD1306/mp_gfx.o
                0x000007bc                mp_narLinieDow
 .text.mp_narLiniePion
                0x000008d4       0x16 ./MP_SSD1306/mp_gfx.o
                0x000008d4                mp_narLiniePion
 .text.mp_narLiniePoz
                0x000008ea       0x18 ./MP_SSD1306/mp_gfx.o
                0x000008ea                mp_narLiniePoz
 .text.mp_narOkrag
                0x00000902      0x16a ./MP_SSD1306/mp_gfx.o
                0x00000902                mp_narOkrag
 .text.mp_wypOkragPomoc
                0x00000a6c      0x15c ./MP_SSD1306/mp_gfx.o
                0x00000a6c                mp_wypOkragPomoc
 .text.mp_wypOkrag
                0x00000bc8       0x54 ./MP_SSD1306/mp_gfx.o
                0x00000bc8                mp_wypOkrag
 .text.mp_narProst
                0x00000c1c       0x64 ./MP_SSD1306/mp_gfx.o
                0x00000c1c                mp_narProst
 .text.mp_wypProst
                0x00000c80       0x48 ./MP_SSD1306/mp_gfx.o
                0x00000c80                mp_wypProst
 .text.mp_narZnak
                0x00000cc8      0x158 ./MP_SSD1306/mp_gfx.o
                0x00000cc8                mp_narZnak
 .text.mp_wysText_P
                0x00000e20       0x82 ./MP_SSD1306/mp_gfx.o
                0x00000e20                mp_wysText_P
 .text.mp_wysText
                0x00000ea2       0x7c ./MP_SSD1306/mp_gfx.o
                0x00000ea2                mp_wysText
 .text.mp_wysLiczbe
                0x00000f1e       0x60 ./MP_SSD1306/mp_gfx.o
                0x00000f1e                mp_wysLiczbe
 .text.mp_narOkragPomoc
                0x00000f7e      0x148 ./MP_SSD1306/mp_gfx.o
                0x00000f7e                mp_narOkragPomoc
 .text.mp_narProstOkrag
                0x000010c6      0x12e ./MP_SSD1306/mp_gfx.o
                0x000010c6                mp_narProstOkrag
 .text.mp_wypProstOkrag
                0x000011f4       0xa8 ./MP_SSD1306/mp_gfx.o
                0x000011f4                mp_wypProstOkrag
 .text.mp_narTrojkat
                0x0000129c       0x66 ./MP_SSD1306/mp_gfx.o
                0x0000129c                mp_narTrojkat
 .text.mp_wypTrojkat
                0x00001302      0x3b2 ./MP_SSD1306/mp_gfx.o
                0x00001302                mp_wypTrojkat
 .text.mp_startPrzewPrawo
                0x000016b4       0x4a ./MP_SSD1306/mp_gfx.o
                0x000016b4                mp_startPrzewPrawo
 .text.mp_startPrzewLewo
                0x000016fe       0x4a ./MP_SSD1306/mp_gfx.o
                0x000016fe                mp_startPrzewLewo
 .text.mp_startPrzewUkosPrawo
                0x00001748       0x56 ./MP_SSD1306/mp_gfx.o
                0x00001748                mp_startPrzewUkosPrawo
 .text.mp_startPrzewUkosLewo
                0x0000179e       0x56 ./MP_SSD1306/mp_gfx.o
                0x0000179e                mp_startPrzewUkosLewo
 .text.mp_stopPrzew
                0x000017f4        0x6 ./MP_SSD1306/mp_gfx.o
                0x000017f4                mp_stopPrzew
 .text.mp_mrugajEkran
                0x000017fa        0xe ./MP_SSD1306/mp_gfx.o
                0x000017fa                mp_mrugajEkran
 .text.SPIwrite
                0x00001808       0x20 ./MP_SSD1306/mp_ssd1306.o
 .text.ssd1306_InitSpi
                0x00001828        0xe ./MP_SSD1306/mp_ssd1306.o
                0x00001828                ssd1306_InitSpi
 .text.mp_ssd1306_cmd
                0x00001836        0x6 ./MP_SSD1306/mp_ssd1306.o
                0x00001836                mp_ssd1306_cmd
 .text.mp_ssd1306_data
                0x0000183c        0x6 ./MP_SSD1306/mp_ssd1306.o
                0x0000183c                mp_ssd1306_data
 .text.mp_ssd1306_display
                0x00001842       0x30 ./MP_SSD1306/mp_ssd1306.o
                0x00001842                mp_ssd1306_display
 .text.mp_ssd1306_drawPixel
                0x00001872       0x54 ./MP_SSD1306/mp_ssd1306.o
                0x00001872                mp_ssd1306_drawPixel
 .text.mp_ssd1306_cls
                0x000018c6       0x16 ./MP_SSD1306/mp_ssd1306.o
                0x000018c6                mp_ssd1306_cls
 .text.mp_ssd1306_init
                0x000018dc      0x11c ./MP_SSD1306/mp_ssd1306.o
                0x000018dc                mp_ssd1306_init
 .text.mp_ssd1306_refresh_pages
                0x000019f8       0xa6 ./MP_SSD1306/mp_ssd1306.o
                0x000019f8                mp_ssd1306_refresh_pages
 .text.crc8     0x00001a9e       0x32 ./1Wire/crc8.o
                0x00001a9e                crc8
 .text.DS18X20_meas_to_cel
                0x00001ad0       0xc8 ./1Wire/ds18x20.o
                0x00001ad0                DS18X20_meas_to_cel
 .text.DS18X20_temp_cmp
                0x00001b98       0x34 ./1Wire/ds18x20.o
                0x00001b98                DS18X20_temp_cmp
 .text.DS18X20_find_sensor
                0x00001bcc       0x32 ./1Wire/ds18x20.o
                0x00001bcc                DS18X20_find_sensor
 .text.search_sensors
                0x00001bfe       0x86 ./1Wire/ds18x20.o
                0x00001bfe                search_sensors
 .text.DS18X20_get_power_status
                0x00001c84       0x34 ./1Wire/ds18x20.o
                0x00001c84                DS18X20_get_power_status
 .text.DS18X20_start_meas
                0x00001cb8       0x3e ./1Wire/ds18x20.o
                0x00001cb8                DS18X20_start_meas
 .text.DS18X20_read_meas
                0x00001cf6       0xbc ./1Wire/ds18x20.o
                0x00001cf6                DS18X20_read_meas
 .text.DS18X20_read_meas_single
                0x00001db2       0xb8 ./1Wire/ds18x20.o
                0x00001db2                DS18X20_read_meas_single
 .text.ow_input_pin_state
                0x00001e6a        0x6 ./1Wire/onewire.o
                0x00001e6a                ow_input_pin_state
 .text.ow_parasite_enable
                0x00001e70        0x6 ./1Wire/onewire.o
                0x00001e70                ow_parasite_enable
 .text.ow_parasite_disable
                0x00001e76        0x6 ./1Wire/onewire.o
                0x00001e76                ow_parasite_disable
 .text.ow_reset
                0x00001e7c       0x34 ./1Wire/onewire.o
                0x00001e7c                ow_reset
 .text.ow_bit_io
                0x00001eb0       0x28 ./1Wire/onewire.o
                0x00001eb0                ow_bit_io
 .text.ow_byte_wr
                0x00001ed8       0x22 ./1Wire/onewire.o
                0x00001ed8                ow_byte_wr
 .text.ow_byte_rd
                0x00001efa        0x6 ./1Wire/onewire.o
                0x00001efa                ow_byte_rd
 .text.ow_rom_search
                0x00001f00       0x98 ./1Wire/onewire.o
                0x00001f00                ow_rom_search
 .text.ow_command
                0x00001f98       0x46 ./1Wire/onewire.o
                0x00001f98                ow_command
 .text.mp_rinse
                0x00001fde       0x44 ./fun.o
                0x00001fde                mp_rinse
 .text.startup.main
                0x00002022       0x10 ./main.o
                0x00002022                main
 .text.libgcc.mul
                0x00002032        0x0 c:/program files (x86)/atmel/avr tools/avr toolchain/bin/../lib/gcc/avr/4.7.2/avr5\libgcc.a(_divmodsi4.o)
 .text.libgcc.div
                0x00002032       0x38 c:/program files (x86)/atmel/avr tools/avr toolchain/bin/../lib/gcc/avr/4.7.2/avr5\libgcc.a(_divmodsi4.o)
                0x00002032                __divmodsi4
 .text.libgcc   0x0000206a        0x0 c:/program files (x86)/atmel/avr tools/avr toolchain/bin/../lib/gcc/avr/4.7.2/avr5\libgcc.a(_divmodsi4.o)
 .text.libgcc.prologue
                0x0000206a        0x0 c:/program files (x86)/atmel/avr tools/avr toolchain/bin/../lib/gcc/avr/4.7.2/avr5\libgcc.a(_divmodsi4.o)
 .text.libgcc.builtins
                0x0000206a        0x0 c:/program files (x86)/atmel/avr tools/avr toolchain/bin/../lib/gcc/avr/4.7.2/avr5\libgcc.a(_divmodsi4.o)
 .text.libgcc.fmul
                0x0000206a        0x0 c:/program files (x86)/atmel/avr tools/avr toolchain/bin/../lib/gcc/avr/4.7.2/avr5\libgcc.a(_divmodsi4.o)
 .text.libgcc.mul
                0x0000206a        0x0 c:/program files (x86)/atmel/avr tools/avr toolchain/bin/../lib/gcc/avr/4.7.2/avr5\libgcc.a(_exit.o)
 .text.libgcc.div
                0x0000206a        0x0 c:/program files (x86)/atmel/avr tools/avr toolchain/bin/../lib/gcc/avr/4.7.2/avr5\libgcc.a(_exit.o)
 .text.libgcc   0x0000206a        0x0 c:/program files (x86)/atmel/avr tools/avr toolchain/bin/../lib/gcc/avr/4.7.2/avr5\libgcc.a(_exit.o)
 .text.libgcc.prologue
                0x0000206a        0x0 c:/program files (x86)/atmel/avr tools/avr toolchain/bin/../lib/gcc/avr/4.7.2/avr5\libgcc.a(_exit.o)
 .text.libgcc.builtins
                0x0000206a        0x0 c:/program files (x86)/atmel/avr tools/avr toolchain/bin/../lib/gcc/avr/4.7.2/avr5\libgcc.a(_exit.o)
 .text.libgcc.fmul
                0x0000206a        0x0 c:/program files (x86)/atmel/avr tools/avr toolchain/bin/../lib/gcc/avr/4.7.2/avr5\libgcc.a(_exit.o)
 .text.libgcc.mul
                0x0000206a        0x0 c:/program files (x86)/atmel/avr tools/avr toolchain/bin/../lib/gcc/avr/4.7.2/avr5\libgcc.a(_copy_data.o)
 .text.libgcc.div
                0x0000206a        0x0 c:/program files (x86)/atmel/avr tools/avr toolchain/bin/../lib/gcc/avr/4.7.2/avr5\libgcc.a(_copy_data.o)
 .text.libgcc   0x0000206a        0x0 c:/program files (x86)/atmel/avr tools/avr toolchain/bin/../lib/gcc/avr/4.7.2/avr5\libgcc.a(_copy_data.o)
 .text.libgcc.prologue
                0x0000206a        0x0 c:/program files (x86)/atmel/avr tools/avr toolchain/bin/../lib/gcc/avr/4.7.2/avr5\libgcc.a(_copy_data.o)
 .text.libgcc.builtins
                0x0000206a        0x0 c:/program files (x86)/atmel/avr tools/avr toolchain/bin/../lib/gcc/avr/4.7.2/avr5\libgcc.a(_copy_data.o)
 .text.libgcc.fmul
                0x0000206a        0x0 c:/program files (x86)/atmel/avr tools/avr toolchain/bin/../lib/gcc/avr/4.7.2/avr5\libgcc.a(_copy_data.o)
 .text.libgcc.mul
                0x0000206a        0x0 c:/program files (x86)/atmel/avr tools/avr toolchain/bin/../lib/gcc/avr/4.7.2/avr5\libgcc.a(_clear_bss.o)
 .text.libgcc.div
                0x0000206a        0x0 c:/program files (x86)/atmel/avr tools/avr toolchain/bin/../lib/gcc/avr/4.7.2/avr5\libgcc.a(_clear_bss.o)
 .text.libgcc   0x0000206a        0x0 c:/program files (x86)/atmel/avr tools/avr toolchain/bin/../lib/gcc/avr/4.7.2/avr5\libgcc.a(_clear_bss.o)
 .text.libgcc.prologue
                0x0000206a        0x0 c:/program files (x86)/atmel/avr tools/avr toolchain/bin/../lib/gcc/avr/4.7.2/avr5\libgcc.a(_clear_bss.o)
 .text.libgcc.builtins
                0x0000206a        0x0 c:/program files (x86)/atmel/avr tools/avr toolchain/bin/../lib/gcc/avr/4.7.2/avr5\libgcc.a(_clear_bss.o)
 .text.libgcc.fmul
                0x0000206a        0x0 c:/program files (x86)/atmel/avr tools/avr toolchain/bin/../lib/gcc/avr/4.7.2/avr5\libgcc.a(_clear_bss.o)
 .text.libgcc.mul
                0x0000206a        0x0 c:/program files (x86)/atmel/avr tools/avr toolchain/bin/../lib/gcc/avr/4.7.2/avr5\libgcc.a(_udivmodsi4.o)
 .text.libgcc.div
                0x0000206a       0x44 c:/program files (x86)/atmel/avr tools/avr toolchain/bin/../lib/gcc/avr/4.7.2/avr5\libgcc.a(_udivmodsi4.o)
                0x0000206a                __udivmodsi4
 .text.libgcc   0x000020ae        0x0 c:/program files (x86)/atmel/avr tools/avr toolchain/bin/../lib/gcc/avr/4.7.2/avr5\libgcc.a(_udivmodsi4.o)
 .text.libgcc.prologue
                0x000020ae        0x0 c:/program files (x86)/atmel/avr tools/avr toolchain/bin/../lib/gcc/avr/4.7.2/avr5\libgcc.a(_udivmodsi4.o)
 .text.libgcc.builtins
                0x000020ae        0x0 c:/program files (x86)/atmel/avr tools/avr toolchain/bin/../lib/gcc/avr/4.7.2/avr5\libgcc.a(_udivmodsi4.o)
 .text.libgcc.fmul
                0x000020ae        0x0 c:/program files (x86)/atmel/avr tools/avr toolchain/bin/../lib/gcc/avr/4.7.2/avr5\libgcc.a(_udivmodsi4.o)
 .text.avr-libc
                0x000020ae       0x42 c:/program files (x86)/atmel/avr tools/avr toolchain/bin/../lib/gcc/avr/4.7.2/../../../../avr/lib/avr5\libc.a(itoa.o)
                0x000020ae                itoa
 .text.avr-libc
                0x000020f0       0x20 c:/program files (x86)/atmel/avr tools/avr toolchain/bin/../lib/gcc/avr/4.7.2/../../../../avr/lib/avr5\libc.a(strrev.o)
                0x000020f0                strrev
 .text.libgcc.mul
                0x00002110        0x0 c:/program files (x86)/atmel/avr tools/avr toolchain/bin/../lib/gcc/avr/4.7.2/avr5\libgcc.a(_udivmodhi4.o)
 .text.libgcc.div
                0x00002110       0x28 c:/program files (x86)/atmel/avr tools/avr toolchain/bin/../lib/gcc/avr/4.7.2/avr5\libgcc.a(_udivmodhi4.o)
                0x00002110                __udivmodhi4
 .text.libgcc   0x00002138        0x0 c:/program files (x86)/atmel/avr tools/avr toolchain/bin/../lib/gcc/avr/4.7.2/avr5\libgcc.a(_udivmodhi4.o)
 .text.libgcc.prologue
                0x00002138        0x0 c:/program files (x86)/atmel/avr tools/avr toolchain/bin/../lib/gcc/avr/4.7.2/avr5\libgcc.a(_udivmodhi4.o)
 .text.libgcc.builtins
                0x00002138        0x0 c:/program files (x86)/atmel/avr tools/avr toolchain/bin/../lib/gcc/avr/4.7.2/avr5\libgcc.a(_udivmodhi4.o)
 .text.libgcc.fmul
                0x00002138        0x0 c:/program files (x86)/atmel/avr tools/avr toolchain/bin/../lib/gcc/avr/4.7.2/avr5\libgcc.a(_udivmodhi4.o)
                0x00002138                . = ALIGN (0x2)
 *(.fini9)
 .fini9         0x00002138        0x0 c:/program files (x86)/atmel/avr tools/avr toolchain/bin/../lib/gcc/avr/4.7.2/avr5\libgcc.a(_exit.o)
                0x00002138                _exit
                0x00002138                exit
 *(.fini9)
 *(.fini8)
 *(.fini8)
 *(.fini7)
 *(.fini7)
 *(.fini6)
 *(.fini6)
 *(.fini5)
 *(.fini5)
 *(.fini4)
 *(.fini4)
 *(.fini3)
 *(.fini3)
 *(.fini2)
 *(.fini2)
 *(.fini1)
 *(.fini1)
 *(.fini0)
 .fini0         0x00002138        0x4 c:/program files (x86)/atmel/avr tools/avr toolchain/bin/../lib/gcc/avr/4.7.2/avr5\libgcc.a(_exit.o)
 *(.fini0)
                0x0000213c                _etext = .

.data           0x00800060       0x10 load address 0x0000213c
                0x00800060                PROVIDE (__data_start, .)
 *(.data)
 .data          0x00800060        0x0 c:/program files (x86)/atmel/avr tools/avr toolchain/bin/../lib/gcc/avr/4.7.2/../../../../avr/lib/avr5/crtm32.o
 .data          0x00800060        0x0 ./MP_SSD1306/FONT/oled_font1.o
 .data          0x00800060        0x0 ./MP_SSD1306/mp_gfx.o
 .data          0x00800060        0x0 ./MP_SSD1306/mp_ssd1306.o
 .data          0x00800060        0x0 ./1Wire/crc8.o
 .data          0x00800060        0x0 ./1Wire/ds18x20.o
 .data          0x00800060        0x0 ./1Wire/onewire.o
 .data          0x00800060        0x0 ./fun.o
 .data          0x00800060        0x0 ./main.o
 .data          0x00800060        0x0 c:/program files (x86)/atmel/avr tools/avr toolchain/bin/../lib/gcc/avr/4.7.2/avr5\libgcc.a(_divmodsi4.o)
 .data          0x00800060        0x0 c:/program files (x86)/atmel/avr tools/avr toolchain/bin/../lib/gcc/avr/4.7.2/avr5\libgcc.a(_exit.o)
 .data          0x00800060        0x0 c:/program files (x86)/atmel/avr tools/avr toolchain/bin/../lib/gcc/avr/4.7.2/avr5\libgcc.a(_copy_data.o)
 .data          0x00800060        0x0 c:/program files (x86)/atmel/avr tools/avr toolchain/bin/../lib/gcc/avr/4.7.2/avr5\libgcc.a(_clear_bss.o)
 .data          0x00800060        0x0 c:/program files (x86)/atmel/avr tools/avr toolchain/bin/../lib/gcc/avr/4.7.2/avr5\libgcc.a(_udivmodsi4.o)
 .data          0x00800060        0x0 c:/program files (x86)/atmel/avr tools/avr toolchain/bin/../lib/gcc/avr/4.7.2/../../../../avr/lib/avr5\libc.a(itoa.o)
 .data          0x00800060        0x0 c:/program files (x86)/atmel/avr tools/avr toolchain/bin/../lib/gcc/avr/4.7.2/../../../../avr/lib/avr5\libc.a(strrev.o)
 .data          0x00800060        0x0 c:/program files (x86)/atmel/avr tools/avr toolchain/bin/../lib/gcc/avr/4.7.2/avr5\libgcc.a(_udivmodhi4.o)
 *(.data*)
 *(.rodata)
 .rodata        0x00800060       0x10 ./1Wire/ds18x20.o
 *(.rodata*)
 *(.gnu.linkonce.d*)
                0x00800070                . = ALIGN (0x2)
                0x00800070                _edata = .
                0x00800070                PROVIDE (__data_end, .)

.bss            0x00800070      0x424
                0x00800070                PROVIDE (__bss_start, .)
 *(.bss)
 .bss           0x00800070        0x0 c:/program files (x86)/atmel/avr tools/avr toolchain/bin/../lib/gcc/avr/4.7.2/../../../../avr/lib/avr5/crtm32.o
 .bss           0x00800070        0x0 ./MP_SSD1306/FONT/oled_font1.o
 .bss           0x00800070        0x0 ./MP_SSD1306/mp_gfx.o
 .bss           0x00800070        0x0 ./MP_SSD1306/mp_ssd1306.o
 .bss           0x00800070        0x0 ./1Wire/crc8.o
 .bss           0x00800070        0x0 ./1Wire/ds18x20.o
 .bss           0x00800070        0x0 ./1Wire/onewire.o
 .bss           0x00800070        0x0 ./fun.o
 .bss           0x00800070        0x0 ./main.o
 .bss           0x00800070        0x0 c:/program files (x86)/atmel/avr tools/avr toolchain/bin/../lib/gcc/avr/4.7.2/avr5\libgcc.a(_divmodsi4.o)
 .bss           0x00800070        0x0 c:/program files (x86)/atmel/avr tools/avr toolchain/bin/../lib/gcc/avr/4.7.2/avr5\libgcc.a(_exit.o)
 .bss           0x00800070        0x0 c:/program files (x86)/atmel/avr tools/avr toolchain/bin/../lib/gcc/avr/4.7.2/avr5\libgcc.a(_copy_data.o)
 .bss           0x00800070        0x0 c:/program files (x86)/atmel/avr tools/avr toolchain/bin/../lib/gcc/avr/4.7.2/avr5\libgcc.a(_clear_bss.o)
 .bss           0x00800070        0x0 c:/program files (x86)/atmel/avr tools/avr toolchain/bin/../lib/gcc/avr/4.7.2/avr5\libgcc.a(_udivmodsi4.o)
 .bss           0x00800070        0x0 c:/program files (x86)/atmel/avr tools/avr toolchain/bin/../lib/gcc/avr/4.7.2/../../../../avr/lib/avr5\libc.a(itoa.o)
 .bss           0x00800070        0x0 c:/program files (x86)/atmel/avr tools/avr toolchain/bin/../lib/gcc/avr/4.7.2/../../../../avr/lib/avr5\libc.a(strrev.o)
 .bss           0x00800070        0x0 c:/program files (x86)/atmel/avr tools/avr toolchain/bin/../lib/gcc/avr/4.7.2/avr5\libgcc.a(_udivmodhi4.o)
 *(.bss*)
 .bss.ssd1306_buf
                0x00800070      0x400 ./MP_SSD1306/mp_ssd1306.o
                0x00800070                ssd1306_buf
 *(COMMON)
 COMMON         0x00800470        0x4 ./MP_SSD1306/mp_gfx.o
                0x00800470                cursor_y
                0x00800472                cursor_x
 COMMON         0x00800474       0x20 ./1Wire/ds18x20.o
                0x00800474                gSensorIDs
                0x00800494                PROVIDE (__bss_end, .)
                0x0000213c                __data_load_start = LOADADDR (.data)
                0x0000214c                __data_load_end = (__data_load_start + SIZEOF (.data))

.noinit         0x00800494        0x0
                0x00800494                PROVIDE (__noinit_start, .)
 *(.noinit*)
                0x00800494                PROVIDE (__noinit_end, .)
                0x00800494                _end = .
                0x00800494                PROVIDE (__heap_start, .)

.eeprom         0x00810000        0x0
 *(.eeprom*)
                0x00810000                __eeprom_end = .

.fuse
 *(.fuse)
 *(.lfuse)
 *(.hfuse)
 *(.efuse)

.lock
 *(.lock*)

.signature
 *(.signature*)

.user_signatures
 *(.user_signatures*)

.stab           0x00000000      0x954
 *(.stab)
 .stab          0x00000000      0x6cc c:/program files (x86)/atmel/avr tools/avr toolchain/bin/../lib/gcc/avr/4.7.2/../../../../avr/lib/avr5/crtm32.o
 .stab          0x000006cc      0x1b0 c:/program files (x86)/atmel/avr tools/avr toolchain/bin/../lib/gcc/avr/4.7.2/../../../../avr/lib/avr5\libc.a(itoa.o)
                                0x1bc (size before relaxing)
 .stab          0x0000087c       0xd8 c:/program files (x86)/atmel/avr tools/avr toolchain/bin/../lib/gcc/avr/4.7.2/../../../../avr/lib/avr5\libc.a(strrev.o)
                                 0xe4 (size before relaxing)

.stabstr        0x00000000      0x183
 *(.stabstr)
 .stabstr       0x00000000      0x183 c:/program files (x86)/atmel/avr tools/avr toolchain/bin/../lib/gcc/avr/4.7.2/../../../../avr/lib/avr5/crtm32.o

.stab.excl
 *(.stab.excl)

.stab.exclstr
 *(.stab.exclstr)

.stab.index
 *(.stab.index)

.stab.indexstr
 *(.stab.indexstr)

.comment        0x00000000       0x2f
 *(.comment)
 .comment       0x00000000       0x2f ./MP_SSD1306/FONT/oled_font1.o
                                 0x30 (size before relaxing)
 .comment       0x00000000       0x30 ./MP_SSD1306/mp_gfx.o
 .comment       0x00000000       0x30 ./MP_SSD1306/mp_ssd1306.o
 .comment       0x00000000       0x30 ./1Wire/crc8.o
 .comment       0x00000000       0x30 ./1Wire/ds18x20.o
 .comment       0x00000000       0x30 ./1Wire/onewire.o
 .comment       0x00000000       0x30 ./fun.o
 .comment       0x00000000       0x30 ./main.o

.debug
 *(.debug)

.line
 *(.line)

.debug_srcinfo
 *(.debug_srcinfo)

.debug_sfnames
 *(.debug_sfnames)

.debug_aranges
 *(.debug_aranges)

.debug_pubnames
 *(.debug_pubnames)

.debug_info
 *(.debug_info)
 *(.gnu.linkonce.wi.*)

.debug_abbrev
 *(.debug_abbrev)

.debug_line
 *(.debug_line)

.debug_frame
 *(.debug_frame)

.debug_str
 *(.debug_str)

.debug_loc
 *(.debug_loc)

.debug_macinfo
 *(.debug_macinfo)

.debug_pubtypes
 *(.debug_pubtypes)

.debug_ranges
 *(.debug_ranges)

.debug_macro
 *(.debug_macro)
OUTPUT(Piwowar.elf elf32-avr)
LOAD linker stubs
